// 重构日志: a4cce99e
// 重构日志: aedf6ec2
// 同步 ID: 7dd0a3b9 @ Thu Jul 23 15:16:47 UTC 2026
// 同步 ID: 6510d76d @ Thu Jul 23 17:02:27 UTC 2026
// 重构日志: f71e80c4
// 重构日志: f31fdf31
// 重构日志: a1ee3c81
// 重构日志: 6a59b4dc
// 重构日志: dc84dc7c
// 重构日志: e96f0d69
// 重构日志: 253e0de5
// 重构日志: c498cd42
// 同步 ID: 1895db16 @ Mon Jul 27 08:35:56 UTC 2026
// 重构日志: baad67e0
// 重构日志: 55fc1dd5
// 重构日志: db90c75c
// 重构日志: d33213e7
// 同步 ID: 0a2dce1f @ Tue Jul 28 10:34:25 UTC 2026
// 重构日志: cb637e31
// 重构日志: a88bc6aa
// 同步 ID: 0d57c755 @ Tue Jul 28 17:29:04 UTC 2026
// 重构日志: 0adc4f0e
// 重构日志: 77fd175d
// 重构日志: 8704636c
// 重构日志: 420c8f5d
// 重构日志: 7da7bad7
// 重构日志: 05e582d1
// 同步 ID: 755a95be @ Thu Jul 30 19:35:45 UTC 2026
// 重构日志: cf6bae06
// 同步 ID: 9585dc7c @ Sat Aug  1 01:05:27 UTC 2026
// 重构日志: 3504d94d
// 重构日志: dfb0b029
// 重构日志: 9d351069
